0, 74360 MiB
1, 10 MiB
2, 71980 MiB
3, 2 MiB
0, 74360 MiB
1, 10 MiB
2, 71980 MiB
3, 2 MiB
0, 74360 MiB
1, 10 MiB
2, 71980 MiB
3, 2 MiB
0, 74360 MiB
1, 10 MiB
2, 71980 MiB
3, 2 MiB
0, 74360 MiB
1, 10 MiB
2, 71980 MiB
3, 2 MiB
0, 74360 MiB
1, 10 MiB
2, 71980 MiB
3, 2 MiB
0, 74360 MiB
1, 10 MiB
2, 71980 MiB
3, 2 MiB
0, 74360 MiB
1, 10 MiB
2, 71980 MiB
3, 2 MiB
0, 74360 MiB
1, 10 MiB
2, 71980 MiB
3, 2 MiB
0, 74360 MiB
1, 10 MiB
2, 71980 MiB
3, 2 MiB
0, 74360 MiB
1, 10 MiB
2, 71980 MiB
3, 2 MiB
0, 74360 MiB
1, 10 MiB
2, 71980 MiB
3, 2 MiB
0, 74360 MiB
1, 10 MiB
2, 71980 MiB
3, 2 MiB
0, 74360 MiB
1, 10 MiB
2, 71980 MiB
3, 2 MiB
0, 74360 MiB
1, 10 MiB
2, 71980 MiB
3, 2 MiB
0, 74360 MiB
1, 10 MiB
2, 71980 MiB
3, 2 MiB
0, 74360 MiB
1, 10 MiB
2, 71980 MiB
3, 2 MiB
0, 74360 MiB
1, 10 MiB
2, 71980 MiB
3, 2 MiB
0, 74360 MiB
1, 10 MiB
2, 71980 MiB
3, 2 MiB
0, 74360 MiB
1, 10 MiB
2, 71980 MiB
3, 2 MiB
0, 74360 MiB
1, 10 MiB
2, 71980 MiB
3, 2 MiB
0, 74360 MiB
1, 10 MiB
2, 71980 MiB
3, 2 MiB
0, 74360 MiB
1, 10 MiB
2, 71980 MiB
3, 2 MiB
0, 74360 MiB
1, 10 MiB
2, 71980 MiB
3, 2 MiB
0, 74360 MiB
1, 10 MiB
2, 71980 MiB
3, 2 MiB
0, 74360 MiB
1, 10 MiB
2, 71980 MiB
3, 2 MiB
0, 74360 MiB
1, 10 MiB
2, 71980 MiB
3, 2 MiB
0, 74360 MiB
1, 10 MiB
2, 71980 MiB
3, 2 MiB
0, 74360 MiB
1, 10 MiB
2, 71980 MiB
3, 2 MiB
0, 74360 MiB
1, 10 MiB
2, 71980 MiB
3, 2 MiB
0, 74360 MiB
1, 10 MiB
2, 71980 MiB
3, 2 MiB
0, 74360 MiB
1, 10 MiB
2, 71980 MiB
3, 2 MiB
0, 74360 MiB
1, 10 MiB
2, 71980 MiB
3, 2 MiB
0, 74360 MiB
1, 10 MiB
2, 71980 MiB
3, 2 MiB
0, 74360 MiB
1, 10 MiB
2, 71980 MiB
3, 2 MiB
0, 74360 MiB
1, 10 MiB
2, 71980 MiB
3, 2 MiB
