#Time         gpu     sm    mem    enc    dec    jpg    ofa  rxpci  txpci 
#HH:MM:SS     Idx      %      %      %      %      %      %   MB/s   MB/s 
 14:25:26       0      0      0      0      0      0      0      0      0 
 14:25:26       1      0      0      0      0      0      0      0      0 
 14:25:26       2      0      1      0      0      0      0      0      1 
 14:25:26       3      0      0      0      0      0      0      0      0 
 14:25:28       0      0      0      0      0      0      0    568    130 
 14:25:28       1      0      0      0      0      0      0      0      0 
 14:25:28       2      0      1      0      0      0      0      0      0 
 14:25:28       3      0      0      0      0      0      0      0      0 
 14:25:29       0     19     11      0      0      0      0    198     43 
 14:25:29       1      6      5      0      0      0      0      6      1 
 14:25:29       2      3      2      0      0      0      0      0      4 
 14:25:29       3      5      4      0      0      0      0      0      0 
 14:25:30       0     19     12      0      0      0      0    177     41 
 14:25:30       1      3      2      0      0      0      0      6      0 
 14:25:30       2      6      4      0      0      0      0      0      1 
 14:25:30       3      3      2      0      0      0      0     10      1 
 14:25:31       0     18     11      0      0      0      0    177     20 
 14:25:31       1      3      2      0      0      0      0      0      0 
 14:25:31       2      6      4      0      0      0      0     11      9 
 14:25:31       3      3      2      0      0      0      0     20      1 
 14:25:32       0     19     11      0      0      0      0    188     31 
 14:25:32       1      3      2      0      0      0      0      0      0 
 14:25:32       2      6      4      0      0      0      0      0      4 
 14:25:32       3      3      2      0      0      0      0      0      0 
 14:25:34       0     20     12      0      0      0      0    193     23 
 14:25:34       1      6      5      0      0      0      0      0      2 
 14:25:34       2      6      4      0      0      0      0     10      1 
 14:25:34       3      3      2      0      0      0      0      0      0 
 14:25:35       0     19     12      0      0      0      0    156     33 
 14:25:35       1      6      5      0      0      0      0      0      0 
 14:25:35       2      3      2      0      0      0      0     10      1 
 14:25:35       3      5      4      0      0      0      0      0     36 
 14:25:36       0     19     11      0      0      0      0    110     48 
 14:25:36       1      3      2      0      0      0      0      5      3 
 14:25:36       2      6      4      0      0      0      0      0      0 
 14:25:36       3      3      2      0      0      0      0      0     36 
 14:25:37       0     20     12      0      0      0      0    120     45 
 14:25:37       1      6      5      0      0      0      0      5      3 
 14:25:37       2      6      4      0      0      0      0      0      0 
 14:25:37       3      3      2      0      0      0      0     10      1 
 14:25:38       0     20     12      0      0      0      0    161     41 
 14:25:38       1      6      5      0      0      0      0      6      9 
 14:25:38       2      3      2      0      0      0      0      0      0 
 14:25:38       3      5      4      0      0      0      0     10      0 
#Time         gpu     sm    mem    enc    dec    jpg    ofa  rxpci  txpci 
#HH:MM:SS     Idx      %      %      %      %      %      %   MB/s   MB/s 
 14:25:39       0     19     12      0      0      0      0    188     43 
 14:25:39       1      3      2      0      0      0      0      6      5 
 14:25:39       2      6      4      0      0      0      0      0      4 
 14:25:39       3      3      2      0      0      0      0      7      1 
 14:25:41       0     19     12      0      0      0      0    188     42 
 14:25:41       1      3      2      0      0      0      0      6      0 
 14:25:41       2      5      4      0      0      0      0      5      4 
 14:25:41       3      3      2      0      0      0      0      0      0 
 14:25:42       0     18     11      0      0      0      0    188     41 
 14:25:42       1      6      5      0      0      0      0      6     15 
 14:25:42       2      3      2      0      0      0      0     15     13 
 14:25:42       3      5      4      0      0      0      0      1      0 
 14:25:43       0     19     12      0      0      0      0    140     41 
 14:25:43       1      6      5      0      0      0      0      0      4 
 14:25:43       2      3      2      0      0      0      0      0      5 
 14:25:43       3      5      4      0      0      0      0     10      0 
 14:25:44       0     46     20      0      0      0      0    192    337 
 14:25:44       1      6      5      0      0      0      0      7      2 
 14:25:44       2      3      2      0      0      0      0      2      0 
 14:25:44       3      6      4      0      0      0      0     17      0 
 14:25:45       0     20     12      0      0      0      0    152     43 
 14:25:45       1      6      5      0      0      0      0      8      0 
 14:25:45       2      6      4      0      0      0      0      2      0 
 14:25:45       3      5      4      0      0      0      0     12      5 
 14:25:47       0     20     12      0      0      0      0    152     46 
 14:25:47       1      6      4      0      0      0      0      8      3 
 14:25:47       2      6      4      0      0      0      0      1      3 
 14:25:47       3      5      4      0      0      0      0     11      9 
 14:25:48       0     21     13      0      0      0      0    183     47 
 14:25:48       1      6      5      0      0      0      0      7      2 
 14:25:48       2      3      2      0      0      0      0      1      5 
 14:25:48       3      5      4      0      0      0      0     13      1 
 14:25:49       0     20     12      0      0      0      0    207     47 
 14:25:49       1      3      2      0      0      0      0     14      2 
 14:25:49       2      3      2      0      0      0      0      7      7 
 14:25:49       3      3      2      0      0      0      0      7      2 
 14:25:50       0     21     13      0      0      0      0    206     45 
 14:25:50       1      3      2      0      0      0      0     10      2 
 14:25:50       2      6      4      0      0      0      0      0      9 
 14:25:50       3      3      2      0      0      0      0     10      9 
 14:25:51       0     21     13      0      0      0      0    115     50 
 14:25:51       1      3      2      0      0      0      0      0     11 
 14:25:51       2      6      4      0      0      0      0      0     10 
 14:25:51       3      3      2      0      0      0      0      2     45 
#Time         gpu     sm    mem    enc    dec    jpg    ofa  rxpci  txpci 
#HH:MM:SS     Idx      %      %      %      %      %      %   MB/s   MB/s 
 14:25:52       0     20     12      0      0      0      0    208     20 
 14:25:52       1      3      2      0      0      0      0      0      0 
 14:25:52       2      3      2      0      0      0      0     10      0 
 14:25:52       3      3      2      0      0      0      0      0     36 
 14:25:54       0     21     12      0      0      0      0    198     23 
 14:25:54       1      3      2      0      0      0      0      0      2 
 14:25:54       2      6      4      0      0      0      0     11      0 
 14:25:54       3      3      2      0      0      0      0      0      0 
 14:25:55       0     21     12      0      0      0      0    142     41 
 14:25:55       1      3      2      0      0      0      0     32      2 
 14:25:55       2      6      4      0      0      0      0     31     30 
 14:25:55       3      3      2      0      0      0      0     11      0 
 14:25:56       0     19     11      0      0      0      0     88     41 
 14:25:56       1      6      5      0      0      0      0      0      3 
 14:25:56       2      3      2      0      0      0      0      0      1 
 14:25:56       3      5      4      0      0      0      0      0     37 
 14:25:57       0     19     11      0      0      0      0    167     41 
 14:25:57       1      6      5      0      0      0      0      6      1 
 14:25:57       2      3      2      0      0      0      0      0      3 
 14:25:57       3      6      4      0      0      0      0      6      0 
 14:25:58       0     19     12      0      0      0      0    109     42 
 14:25:58       1      3      2      0      0      0      0      0      3 
 14:25:58       2      6      4      0      0      0      0      0      0 
 14:25:58       3      3      2      0      0      0      0      0     36 
 14:26:00       0     19     12      0      0      0      0    198     24 
 14:26:00       1      3      2      0      0      0      0      0      1 
 14:26:00       2      3      2      0      0      0      0     11      0 
 14:26:00       3      3      2      0      0      0      0      0      0 
 14:26:01       0     20     12      0      0      0      0    120     41 
 14:26:01       1      6      5      0      0      0      0      0      3 
 14:26:01       2      3      2      0      0      0      0      0      2 
 14:26:01       3      5      4      0      0      0      0     10      2 
 14:26:02       0     19     12      0      0      0      0    198     22 
 14:26:02       1      3      2      0      0      0      0      0      0 
 14:26:02       2      6      4      0      0      0      0      5      2 
 14:26:02       3      3      2      0      0      0      0      0      0 
 14:26:03       0     19     12      0      0      0      0    104     34 
 14:26:03       1      6      5      0      0      0      0      0      3 
 14:26:03       2      3      2      0      0      0      0      8      0 
 14:26:03       3      3      2      0      0      0      0      0     35 
 14:26:04       0     19     12      0      0      0      0     78     41 
 14:26:04       1      6      5      0      0      0      0      0      3 
 14:26:04       2      3      2      0      0      0      0      0      0 
 14:26:04       3      5      5      0      0      0      0     11     33 
#Time         gpu     sm    mem    enc    dec    jpg    ofa  rxpci  txpci 
#HH:MM:SS     Idx      %      %      %      %      %      %   MB/s   MB/s 
 14:26:05       0     19     12      0      0      0      0    188     41 
 14:26:05       1      3      2      0      0      0      0      6      0 
 14:26:05       2      6      4      0      0      0      0      0      7 
 14:26:05       3      3      2      0      0      0      0      0      1 
 14:26:07       0     20     12      0      0      0      0    198     21 
 14:26:07       1      3      2      0      0      0      0      0      0 
 14:26:07       2      6      4      0      0      0      0     11      0 
 14:26:07       3      4      4      0      0      0      0      0     36 
 14:26:08       0     21     12      0      0      0      0     89     39 
 14:26:08       1      3      2      0      0      0      0      3      4 
 14:26:08       2      6      4      0      0      0      0      0      0 
 14:26:08       3      3      2      0      0      0      0      0     36 
 14:26:09       0     18     11      0      0      0      0    188     21 
 14:26:09       1      3      2      0      0      0      0      0      0 
 14:26:09       2      3      2      0      0      0      0      4      3 
 14:26:09       3      3      2      0      0      0      0      0      0 
 14:26:10       0     18     11      0      0      0      0    120     41 
 14:26:10       1      3      2      0      0      0      0      0      3 
 14:26:10       2      3      2      0      0      0      0      0      1 
 14:26:10       3      5      4      0      0      0      0     10      0 
 14:26:11       0     19     12      0      0      0      0     78     42 
 14:26:11       1      6      4      0      0      0      0      0      3 
 14:26:11       2      3      2      0      0      0      0      0      0 
 14:26:11       3      4      4      0      0      0      0      0     36 
 14:26:12       0     19     12      0      0      0      0     89     41 
 14:26:12       1      3      2      0      0      0      0      0      4 
 14:26:12       2      3      2      0      0      0      0      0      0 
 14:26:12       3      3      2      0      0      0      0      0     36 
 14:26:14       0     20     12      0      0      0      0     78     41 
 14:26:14       1      3      2      0      0      0      0      0      3 
 14:26:14       2      6      4      0      0      0      0      0      0 
 14:26:14       3      3      2      0      0      0      0      1     35 
 14:26:15       0     19     12      0      0      0      0    130     42 
 14:26:15       1      6      5      0      0      0      0      0      3 
 14:26:15       2      3      2      0      0      0      0      0      0 
 14:26:15       3      5      5      0      0      0      0     10      0 
 14:26:16       0     20     12      0      0      0      0    188     42 
 14:26:16       1      3      2      0      0      0      0      7      0 
 14:26:16       2      5      4      0      0      0      0      0      1 
 14:26:16       3      3      2      0      0      0      0     10      0 
 14:26:17       0      0      0      0      0      0      0      0      0 
 14:26:17       1      0      0      0      0      0      0      0      1 
 14:26:17       2      0      0      0      0      0      0      0      0 
 14:26:17       3      0      0      0      0      0      0      0      0 
#Time         gpu     sm    mem    enc    dec    jpg    ofa  rxpci  txpci 
#HH:MM:SS     Idx      %      %      %      %      %      %   MB/s   MB/s 
 14:26:18       0      0      0      0      0      0      0      0      0 
 14:26:18       1      0      0      0      0      0      0      0      0 
 14:26:18       2      0      0      0      0      0      0      0      1 
 14:26:18       3      0      0      0      0      0      0      0      1 
